[vps.apponfly.com/index.html]
[backblue.gif]
[fade.gif]
[index.html]
[vps.apponfly.com/lib/jqueryui/jquery-ui.min.css]
[vps.apponfly.com/css/winstrap.min.css]
[vps.apponfly.com/css/cloud-bastards.minf893.css]
[vps.apponfly.com/lib/js-cookie/src/js.cookie.js]
[vps.apponfly.com/lib/requirejs/require.js]
[vps.apponfly.com/scripts/RequireConfigaf33.js]
[www.google.com/recaptcha/apia326.js]
[vps.apponfly.com/images/people.png]
[vps.apponfly.com/index.html]
[vps.apponfly.com/forgotpassword.html]
[vps.apponfly.com/lib/jqueryui/images/ui-icons_444444_256x240.png]
[vps.apponfly.com/lib/jqueryui/images/ui-icons_555555_256x240.png]
[vps.apponfly.com/lib/jqueryui/images/ui-icons_ffffff_256x240.png]
[vps.apponfly.com/lib/jqueryui/images/ui-icons_777620_256x240.png]
[vps.apponfly.com/lib/jqueryui/images/ui-icons_cc0000_256x240.png]
[vps.apponfly.com/lib/jqueryui/images/ui-icons_777777_256x240.png]
[vps.apponfly.com/lib/jqueryui/jquery-ui.min.css]
[vps.apponfly.com/fonts/glyphs/winjs-symbols.eot]
[vps.apponfly.com/fonts/glyphs/winjs-symbols.ttf]
[vps.apponfly.com/fonts/selawk.eot]
[vps.apponfly.com/fonts/selawk.ttf]
[vps.apponfly.com/fonts/selawkb.eot]
[vps.apponfly.com/fonts/selawkb.ttf]
[vps.apponfly.com/fonts/selawkl.eot]
[vps.apponfly.com/fonts/selawkl.ttf]
[vps.apponfly.com/fonts/selawksb.eot]
[vps.apponfly.com/fonts/selawksb.ttf]
[vps.apponfly.com/fonts/selawksl.eot]
[vps.apponfly.com/fonts/selawksl.ttf]
[vps.apponfly.com/images/example_dark.jpg]
[vps.apponfly.com/images/example_light.jpg]
[vps.apponfly.com/css/winstrap.min.css]
[vps.apponfly.com/images/background-windows.jpg]
[vps.apponfly.com/css/cloud-bastards.minf893.css]
[vps.apponfly.com/forgotpassword.html]
